{
  "version": {
    "major": 138,
    "minor": 0,
    "build": 7204,
    "patch": 183,
    "channel": "stable",
    "platform": "linux"
  },
  "generated_at": "2024-01-01T10:30:00Z",
  "ja3_string": "771,4865-4866-4867-49195-49199-49196-49200-52393-52392-49171-49172-156-157-47-53,0-23-65281-10-11-35-16-5-13-18-51-45-43-27,29-23-24,0",
  "ja3_hash": "b32309a26951912be7dba376398abc3b",
  "description": "Chrome 138.0.7204.183 stable TLS handshake (N-2)"
}