{
  "version": {
    "major": 139,
    "minor": 0,
    "build": 7258,
    "patch": 127,
    "channel": "stable",
    "platform": "linux"
  },
  "generated_at": "2024-01-15T10:30:00Z",
  "ja3_string": "771,4865-4866-4867-49195-49199-49196-49200-52393-52392-49171-49172-156-157-47-53,0-23-65281-10-11-35-16-5-13-18-51-45-43-27-21,29-23-24,0",
  "ja3_hash": "cd08e31494f9531f560d64c695473da9",
  "description": "Chrome 139.0.7258.127 stable TLS handshake"
}